// Jest Snapshot v1, https://goo.gl/fbAQLP

exports[`Baack to Main button should render 1`] = `
"<Link replace={true} to=\\"/\\" className=\\"backToMain-button mainButton\\">
  Go Back
</Link>"
`;
